// Jest Snapshot v1, https://goo.gl/fbAQLP

exports[`SideBar test renders correctly 1`] = `
<Drawer
  autoclose={true}
  className="sidebar"
  clickableDesktopOverlay={true}
  constantType={true}
  defaultMedia="mobile"
  desktopMinWidth={1025}
  desktopType="full-height"
  mobileMinWidth={320}
  mobileType="temporary"
  onMediaTypeChange={[Function]}
  onVisibilityChange={[Function]}
  position="left"
  tabletMinWidth={768}
  tabletType="persistent"
  transitionDuration={300}
  type="persistent"
  visible={true}
>
  <List>
    <ListItem
      activeClassName="md-text--theme-primary"
      animateNestedItems={true}
      component="div"
      expanderIcon={
        <FontIcon
          iconClassName="material-icons"
        >
          keyboard_arrow_down
        </FontIcon>
      }
      itemComponent="li"
      leftAvatar={
        <Avatar
          icon={
            <FontIcon
              iconClassName="material-icons"
            >
              favorite
            </FontIcon>
          }
          suffixes={
            Array [
              "red",
              "pink",
              "purple",
              "deep-purple",
              "indigo",
              "blue",
              "light-blue",
              "cyan",
              "teal",
              "green",
              "light-green",
              "lime",
              "yellow",
              "amber",
              "orange",
              "deep-orange",
              "brown",
              "grey",
              "blue-grey",
            ]
          }
        />
      }
      primaryText="Following"
      renderChildrenOutside={false}
      secondaryText={7}
    />
    <ListItem
      activeClassName="md-text--theme-primary"
      animateNestedItems={true}
      component="div"
      expanderIcon={
        <FontIcon
          iconClassName="material-icons"
        >
          keyboard_arrow_down
        </FontIcon>
      }
      itemComponent="li"
      leftAvatar={
        <Avatar
          icon={
            <FontIcon
              iconClassName="material-icons"
            >
              group
            </FontIcon>
          }
          suffixes={
            Array [
              "red",
              "pink",
              "purple",
              "deep-purple",
              "indigo",
              "blue",
              "light-blue",
              "cyan",
              "teal",
              "green",
              "light-green",
              "lime",
              "yellow",
              "amber",
              "orange",
              "deep-orange",
              "brown",
              "grey",
              "blue-grey",
            ]
          }
        />
      }
      primaryText="Followers"
      renderChildrenOutside={false}
      secondaryText={777}
    />
    <ListItem
      activeClassName="md-text--theme-primary"
      animateNestedItems={true}
      component="div"
      expanderIcon={
        <FontIcon
          iconClassName="material-icons"
        >
          keyboard_arrow_down
        </FontIcon>
      }
      itemComponent="li"
      leftAvatar={
        <Avatar
          icon={
            <FontIcon
              iconClassName="material-icons"
            >
              folder_special
            </FontIcon>
          }
          suffixes={
            Array [
              "red",
              "pink",
              "purple",
              "deep-purple",
              "indigo",
              "blue",
              "light-blue",
              "cyan",
              "teal",
              "green",
              "light-green",
              "lime",
              "yellow",
              "amber",
              "orange",
              "deep-orange",
              "brown",
              "grey",
              "blue-grey",
            ]
          }
        />
      }
      primaryText="Public Repos"
      renderChildrenOutside={false}
      secondaryText={70}
    />
    <ListItem
      activeClassName="md-text--theme-primary"
      animateNestedItems={true}
      component="div"
      expanderIcon={
        <FontIcon
          iconClassName="material-icons"
        >
          keyboard_arrow_down
        </FontIcon>
      }
      itemComponent="li"
      leftAvatar={
        <Avatar
          icon={
            <FontIcon
              iconClassName="material-icons"
            >
              local_activity
            </FontIcon>
          }
          suffixes={
            Array [
              "red",
              "pink",
              "purple",
              "deep-purple",
              "indigo",
              "blue",
              "light-blue",
              "cyan",
              "teal",
              "green",
              "light-green",
              "lime",
              "yellow",
              "amber",
              "orange",
              "deep-orange",
              "brown",
              "grey",
              "blue-grey",
            ]
          }
        />
      }
      primaryText="Public Gists"
      renderChildrenOutside={false}
      secondaryText={10}
    />
  </List>
</Drawer>
`;
